
> @jaames/iro@5.5.2 test
> jest --verbose

node.exe : ts-jest[config] (WARN) TypeScript diagnostics 
(customize using 
`[jest-config].globals.ts-jest.diagnostics` option):
In C:\Users\49151\AppData\Local\nvs\node\18.20.8\x64\npm.
ps1:16 Zeichen:5
+     & "$basedir/node$exe"  
"$basedir/node_modules/npm/bin/npm-cli.js" ...
+     ~~~~~~~~~~~~~~~~~~~~~~~~~~~~~~~~~~~~~~~~~~~~~~~~~~~
~~~~~~~~~~~~~~
    + CategoryInfo          : NotSpecified: (ts-jest[con 
   fig]...stics` option)::String) [], RemoteException
    + FullyQualifiedErrorId : NativeCommandError
 
[94mmessage[0m[90m TS151001: [0mIf you have issues 
related to imports, you should consider setting 
`esModuleInterop` to `true` in your TypeScript 
configuration file (usually `tsconfig.json`). See https:/
/blogs.msdn.microsoft.com/typescript/2018/01/31/announcin
g-typescript-2-7/#easier-ecmascript-module-interoperabili
ty for more information.
ts-jest[config] (WARN) TypeScript diagnostics (customize 
using `[jest-config].globals.ts-jest.diagnostics` 
option):
[94mmessage[0m[90m TS151001: [0mIf you have issues 
related to imports, you should consider setting 
`esModuleInterop` to `true` in your TypeScript 
configuration file (usually `tsconfig.json`). See https:/
/blogs.msdn.microsoft.com/typescript/2018/01/31/announcin
g-typescript-2-7/#easier-ecmascript-module-interoperabili
ty for more information.
ts-jest[config] (WARN) TypeScript diagnostics (customize 
using `[jest-config].globals.ts-jest.diagnostics` 
option):
[94mmessage[0m[90m TS151001: [0mIf you have issues 
related to imports, you should consider setting 
`esModuleInterop` to `true` in your TypeScript 
configuration file (usually `tsconfig.json`). See https:/
/blogs.msdn.microsoft.com/typescript/2018/01/31/announcin
g-typescript-2-7/#easier-ecmascript-module-interoperabili
ty for more information.
FAIL tests/util.createWidget.test.ts
  Component widget API
    ÔêÜ createWidget returns a factory function (3ms)
    ÔêÜ createWidget factory function inherits component 
prototype (23ms)
    ÔêÜ createWidget factory function exposes base 
component on __component
    ├ù createWidget factory successfully creates new 
component instance (6ms)
    ├ù createWidget factory calls components onMount() 
method (2ms)
    ├ù createWidget factory calls components render() 
method (1ms)
    ├ù createWidget factory passes container to 
components onMount() method (5ms)
    ├ù createWidget factory mounts component into 
container (1ms)
    ├ù createWidget factory supports CSS selectors as a 
mount point (40ms)
    ├ù createWidget factory passes config object to 
component props (1ms)
    ├ù createWidget factory still passes component props 
if no config object is provided (1ms)

  ÔùÅ Component widget API ÔÇ║ createWidget factory 
successfully creates new component instance

    TypeError: Failed to execute 'appendChild' on 
'Node': parameter 1 is not of type 'Node'.

    [0m [90m 34 |[39m       [36mconst[39m container 
[33m=[39m
     [90m 35 |[39m         parent [36minstanceof[39m 
[33mElement[39m [33m?[39m parent [33m:[39m 
document[33m.[39mquerySelector(parent)[33m;[39m
    [31m[1m>[22m[39m[90m 36 |[39m       container[
33m.[39mappendChild(widget[33m.[39mbase)[33m;[39m
     [90m    |[39m                 [31m[1m^[22m[39m
     [90m 37 |[39m       
widget[33m.[39monMount(container)[33m;[39m
     [90m 38 |[39m     }
     [90m 39 |[39m     [90m// Mount it into the DOM 
when the page document is ready[39m[0m

      at Object.convert (node_modules/jsdom/lib/jsdom/liv
ing/generated/Node.js:749:11)
      at HTMLDivElement.appendChild (node_modules/jsdom/l
ib/jsdom/living/generated/Node.js:280:29)
      at mountWidget (src/createWidget.ts:36:17)
      at new widgetFactory (src/createWidget.ts:41:7)
      at Object.<anonymous> 
(tests/util.createWidget.test.ts:37:10)

  ÔùÅ Component widget API ÔÇ║ createWidget factory 
calls components onMount() method

    TypeError: Failed to execute 'appendChild' on 
'Node': parameter 1 is not of type 'Node'.

    [0m [90m 34 |[39m       [36mconst[39m container 
[33m=[39m
     [90m 35 |[39m         parent [36minstanceof[39m 
[33mElement[39m [33m?[39m parent [33m:[39m 
document[33m.[39mquerySelector(parent)[33m;[39m
    [31m[1m>[22m[39m[90m 36 |[39m       container[
33m.[39mappendChild(widget[33m.[39mbase)[33m;[39m
     [90m    |[39m                 [31m[1m^[22m[39m
     [90m 37 |[39m       
widget[33m.[39monMount(container)[33m;[39m
     [90m 38 |[39m     }
     [90m 39 |[39m     [90m// Mount it into the DOM 
when the page document is ready[39m[0m

      at Object.convert (node_modules/jsdom/lib/jsdom/liv
ing/generated/Node.js:749:11)
      at HTMLDivElement.appendChild (node_modules/jsdom/l
ib/jsdom/living/generated/Node.js:280:29)
      at mountWidget (src/createWidget.ts:36:17)
      at new widgetFactory (src/createWidget.ts:41:7)
      at Object.<anonymous> 
(tests/util.createWidget.test.ts:48:10)

  ÔùÅ Component widget API ÔÇ║ createWidget factory 
calls components render() method

    TypeError: Failed to execute 'appendChild' on 
'Node': parameter 1 is not of type 'Node'.

    [0m [90m 34 |[39m       [36mconst[39m container 
[33m=[39m
     [90m 35 |[39m         parent [36minstanceof[39m 
[33mElement[39m [33m?[39m parent [33m:[39m 
document[33m.[39mquerySelector(parent)[33m;[39m
    [31m[1m>[22m[39m[90m 36 |[39m       container[
33m.[39mappendChild(widget[33m.[39mbase)[33m;[39m
     [90m    |[39m                 [31m[1m^[22m[39m
     [90m 37 |[39m       
widget[33m.[39monMount(container)[33m;[39m
     [90m 38 |[39m     }
     [90m 39 |[39m     [90m// Mount it into the DOM 
when the page document is ready[39m[0m

      at Object.convert (node_modules/jsdom/lib/jsdom/liv
ing/generated/Node.js:749:11)
      at HTMLDivElement.appendChild (node_modules/jsdom/l
ib/jsdom/living/generated/Node.js:280:29)
      at mountWidget (src/createWidget.ts:36:17)
      at new widgetFactory (src/createWidget.ts:41:7)
      at Object.<anonymous> 
(tests/util.createWidget.test.ts:59:10)

  ÔùÅ Component widget API ÔÇ║ createWidget factory 
passes container to components onMount() method

    TypeError: Failed to execute 'appendChild' on 
'Node': parameter 1 is not of type 'Node'.

    [0m [90m 34 |[39m       [36mconst[39m container 
[33m=[39m
     [90m 35 |[39m         parent [36minstanceof[39m 
[33mElement[39m [33m?[39m parent [33m:[39m 
document[33m.[39mquerySelector(parent)[33m;[39m
    [31m[1m>[22m[39m[90m 36 |[39m       container[
33m.[39mappendChild(widget[33m.[39mbase)[33m;[39m
     [90m    |[39m                 [31m[1m^[22m[39m
     [90m 37 |[39m       
widget[33m.[39monMount(container)[33m;[39m
     [90m 38 |[39m     }
     [90m 39 |[39m     [90m// Mount it into the DOM 
when the page document is ready[39m[0m

      at Object.convert (node_modules/jsdom/lib/jsdom/liv
ing/generated/Node.js:749:11)
      at HTMLDivElement.appendChild (node_modules/jsdom/l
ib/jsdom/living/generated/Node.js:280:29)
      at mountWidget (src/createWidget.ts:36:17)
      at new widgetFactory (src/createWidget.ts:41:7)
      at Object.<anonymous> 
(tests/util.createWidget.test.ts:71:10)

  ÔùÅ Component widget API ÔÇ║ createWidget factory 
mounts component into container

    TypeError: Failed to execute 'appendChild' on 
'Node': parameter 1 is not of type 'Node'.

    [0m [90m 34 |[39m       [36mconst[39m container 
[33m=[39m
     [90m 35 |[39m         parent [36minstanceof[39m 
[33mElement[39m [33m?[39m parent [33m:[39m 
document[33m.[39mquerySelector(parent)[33m;[39m
    [31m[1m>[22m[39m[90m 36 |[39m       container[
33m.[39mappendChild(widget[33m.[39mbase)[33m;[39m
     [90m    |[39m                 [31m[1m^[22m[39m
     [90m 37 |[39m       
widget[33m.[39monMount(container)[33m;[39m
     [90m 38 |[39m     }
     [90m 39 |[39m     [90m// Mount it into the DOM 
when the page document is ready[39m[0m

      at Object.convert (node_modules/jsdom/lib/jsdom/liv
ing/generated/Node.js:749:11)
      at HTMLDivElement.appendChild (node_modules/jsdom/l
ib/jsdom/living/generated/Node.js:280:29)
      at mountWidget (src/createWidget.ts:36:17)
      at new widgetFactory (src/createWidget.ts:41:7)
      at Object.<anonymous> 
(tests/util.createWidget.test.ts:83:10)

  ÔùÅ Component widget API ÔÇ║ createWidget factory 
supports CSS selectors as a mount point

    TypeError: Failed to execute 'appendChild' on 
'Node': parameter 1 is not of type 'Node'.

    [0m [90m 34 |[39m       [36mconst[39m container 
[33m=[39m
     [90m 35 |[39m         parent [36minstanceof[39m 
[33mElement[39m [33m?[39m parent [33m:[39m 
document[33m.[39mquerySelector(parent)[33m;[39m
    [31m[1m>[22m[39m[90m 36 |[39m       container[
33m.[39mappendChild(widget[33m.[39mbase)[33m;[39m
     [90m    |[39m                 [31m[1m^[22m[39m
     [90m 37 |[39m       
widget[33m.[39monMount(container)[33m;[39m
     [90m 38 |[39m     }
     [90m 39 |[39m     [90m// Mount it into the DOM 
when the page document is ready[39m[0m

      at Object.convert (node_modules/jsdom/lib/jsdom/liv
ing/generated/Node.js:749:11)
      at HTMLDivElement.appendChild (node_modules/jsdom/l
ib/jsdom/living/generated/Node.js:280:29)
      at mountWidget (src/createWidget.ts:36:17)
      at new widgetFactory (src/createWidget.ts:41:7)
      at Object.<anonymous> 
(tests/util.createWidget.test.ts:98:10)

  ÔùÅ Component widget API ÔÇ║ createWidget factory 
passes config object to component props

    TypeError: Failed to execute 'appendChild' on 
'Node': parameter 1 is not of type 'Node'.

    [0m [90m 34 |[39m       [36mconst[39m container 
[33m=[39m
     [90m 35 |[39m         parent [36minstanceof[39m 
[33mElement[39m [33m?[39m parent [33m:[39m 
document[33m.[39mquerySelector(parent)[33m;[39m
    [31m[1m>[22m[39m[90m 36 |[39m       container[
33m.[39mappendChild(widget[33m.[39mbase)[33m;[39m
     [90m    |[39m                 [31m[1m^[22m[39m
     [90m 37 |[39m       
widget[33m.[39monMount(container)[33m;[39m
     [90m 38 |[39m     }
     [90m 39 |[39m     [90m// Mount it into the DOM 
when the page document is ready[39m[0m

      at Object.convert (node_modules/jsdom/lib/jsdom/liv
ing/generated/Node.js:749:11)
      at HTMLDivElement.appendChild (node_modules/jsdom/l
ib/jsdom/living/generated/Node.js:280:29)
      at mountWidget (src/createWidget.ts:36:17)
      at new widgetFactory (src/createWidget.ts:41:7)
      at Object.<anonymous> 
(tests/util.createWidget.test.ts:116:10)

  ÔùÅ Component widget API ÔÇ║ createWidget factory 
still passes component props if no config object is 
provided

    TypeError: Failed to execute 'appendChild' on 
'Node': parameter 1 is not of type 'Node'.

    [0m [90m 34 |[39m       [36mconst[39m container 
[33m=[39m
     [90m 35 |[39m         parent [36minstanceof[39m 
[33mElement[39m [33m?[39m parent [33m:[39m 
document[33m.[39mquerySelector(parent)[33m;[39m
    [31m[1m>[22m[39m[90m 36 |[39m       container[
33m.[39mappendChild(widget[33m.[39mbase)[33m;[39m
     [90m    |[39m                 [31m[1m^[22m[39m
     [90m 37 |[39m       
widget[33m.[39monMount(container)[33m;[39m
     [90m 38 |[39m     }
     [90m 39 |[39m     [90m// Mount it into the DOM 
when the page document is ready[39m[0m

      at Object.convert (node_modules/jsdom/lib/jsdom/liv
ing/generated/Node.js:749:11)
      at HTMLDivElement.appendChild (node_modules/jsdom/l
ib/jsdom/living/generated/Node.js:280:29)
      at mountWidget (src/createWidget.ts:36:17)
      at new widgetFactory (src/createWidget.ts:41:7)
      at Object.<anonymous> 
(tests/util.createWidget.test.ts:129:10)

FAIL tests/colorPicker.test.ts
  ÔùÅ Test suite failed to run

    TypeScript diagnostics (customize using 
`[jest-config].globals.ts-jest.diagnostics` option):
    [96mtests/colorPicker.test.ts[0m:[93m68[0m:[93m1
02[0m - [91merror[0m[90m TS2339: [0mProperty 
'defaultProps' does not exist on type '{ (parent: string 
| HTMLElement, props?: Partial<ColorPickerProps>): 
IroColorPicker; prototype: any; __component: 
ComponentType<...>; }'.

    [7m68[0m     expect(Object.keys(colorPicker.props))
.toEqual(expect.arrayContaining(Object.keys(IroColorPicke
r.defaultProps)));
    [7m  [0m [91m                                     
                                                         
       ~~~~~~~~~~~~[0m

FAIL tests/color.test.ts
  ÔùÅ Test suite failed to run

    TypeScript diagnostics (customize using 
`[jest-config].globals.ts-jest.diagnostics` option):
    [96mtests/color.test.ts[0m:[93m96[0m:[93m9[0m 
- [91merror[0m[90m TS2451: [0mCannot redeclare 
block-scoped variable 'color'.

    [7m96[0m     let color = new Color('rgb(255, 0, 
0)');
    [7m  [0m [91m        ~~~~~[0m
    [96mtests/color.test.ts[0m:[93m98[0m:[93m9[0m 
- [91merror[0m[90m TS2451: [0mCannot redeclare 
block-scoped variable 'color'.

    [7m98[0m     let color = new Color('rgb(0, 255, 
0)');
    [7m  [0m [91m        ~~~~~[0m
    [96mtests/color.test.ts[0m:[93m96[0m:[93m9[0m 
- [91merror[0m[90m TS2451: [0mCannot redeclare 
block-scoped variable 'color'.

    [7m96[0m     let color = new Color('rgb(255, 0, 
0)');
    [7m  [0m [91m        ~~~~~[0m
    [96mtests/color.test.ts[0m:[93m100[0m:[93m9[0m 
- [91merror[0m[90m TS2451: [0mCannot redeclare 
block-scoped variable 'color'.

    [7m100[0m     let color = new Color('rgb(0, 0, 
255)');
    [7m   [0m [91m        ~~~~~[0m
    [96mtests/color.test.ts[0m:[93m96[0m:[93m9[0m 
- [91merror[0m[90m TS2451: [0mCannot redeclare 
block-scoped variable 'color'.

    [7m96[0m     let color = new Color('rgb(255, 0, 
0)');
    [7m  [0m [91m        ~~~~~[0m
    [96mtests/color.test.ts[0m:[93m102[0m:[93m9[0m 
- [91merror[0m[90m TS2451: [0mCannot redeclare 
block-scoped variable 'color'.

    [7m102[0m     let color = new 
Color('rgb(255,255,255)');
    [7m   [0m [91m        ~~~~~[0m
    [96mtests/color.test.ts[0m:[93m96[0m:[93m9[0m 
- [91merror[0m[90m TS2451: [0mCannot redeclare 
block-scoped variable 'color'.

    [7m96[0m     let color = new Color('rgb(255, 0, 
0)');
    [7m  [0m [91m        ~~~~~[0m
    [96mtests/color.test.ts[0m:[93m104[0m:[93m9[0m 
- [91merror[0m[90m TS2451: [0mCannot redeclare 
block-scoped variable 'color'.

    [7m104[0m     let color = new Color('rgb 255 255 
255');
    [7m   [0m [91m        ~~~~~[0m
    [96mtests/color.test.ts[0m:[93m96[0m:[93m9[0m 
- [91merror[0m[90m TS2451: [0mCannot redeclare 
block-scoped variable 'color'.

    [7m96[0m     let color = new Color('rgb(255, 0, 
0)');
    [7m  [0m [91m        ~~~~~[0m
    [96mtests/color.test.ts[0m:[93m106[0m:[93m9[0m 
- [91merror[0m[90m TS2451: [0mCannot redeclare 
block-scoped variable 'color'.

    [7m106[0m     let color = new Color('rgba(255, 0, 
0, 1)');
    [7m   [0m [91m        ~~~~~[0m
    [96mtests/color.test.ts[0m:[93m96[0m:[93m9[0m 
- [91merror[0m[90m TS2451: [0mCannot redeclare 
block-scoped variable 'color'.

    [7m96[0m     let color = new Color('rgb(255, 0, 
0)');
    [7m  [0m [91m        ~~~~~[0m
    [96mtests/color.test.ts[0m:[93m108[0m:[93m9[0m 
- [91merror[0m[90m TS2451: [0mCannot redeclare 
block-scoped variable 'color'.

    [7m108[0m     let color = new Color('rgba(0, 255, 
0, 1)');
    [7m   [0m [91m        ~~~~~[0m
    [96mtests/color.test.ts[0m:[93m96[0m:[93m9[0m 
- [91merror[0m[90m TS2451: [0mCannot redeclare 
block-scoped variable 'color'.

    [7m96[0m     let color = new Color('rgb(255, 0, 
0)');
    [7m  [0m [91m        ~~~~~[0m
    [96mtests/color.test.ts[0m:[93m110[0m:[93m9[0m 
- [91merror[0m[90m TS2451: [0mCannot redeclare 
block-scoped variable 'color'.

    [7m110[0m     let color = new Color('rgba(0, 0, 
255, 1)');
    [7m   [0m [91m        ~~~~~[0m
    [96mtests/color.test.ts[0m:[93m96[0m:[93m9[0m 
- [91merror[0m[90m TS2451: [0mCannot redeclare 
block-scoped variable 'color'.

    [7m96[0m     let color = new Color('rgb(255, 0, 
0)');
    [7m  [0m [91m        ~~~~~[0m
    [96mtests/color.test.ts[0m:[93m112[0m:[93m9[0m 
- [91merror[0m[90m TS2451: [0mCannot redeclare 
block-scoped variable 'color'.

    [7m112[0m     let color = new 
Color('rgba(255,255,255,1)');
    [7m   [0m [91m        ~~~~~[0m
    [96mtests/color.test.ts[0m:[93m96[0m:[93m9[0m 
- [91merror[0m[90m TS2451: [0mCannot redeclare 
block-scoped variable 'color'.

    [7m96[0m     let color = new Color('rgb(255, 0, 
0)');
    [7m  [0m [91m        ~~~~~[0m
    [96mtests/color.test.ts[0m:[93m114[0m:[93m9[0m 
- [91merror[0m[90m TS2451: [0mCannot redeclare 
block-scoped variable 'color'.

    [7m114[0m     let color = new Color('rgba 255 255 
255 1');
    [7m   [0m [91m        ~~~~~[0m
    [96mtests/color.test.ts[0m:[93m119[0m:[93m9[0m 
- [91merror[0m[90m TS2451: [0mCannot redeclare 
block-scoped variable 'color'.

    [7m119[0m     let color = new Color('rgb(100%, 0%, 
0%)');
    [7m   [0m [91m        ~~~~~[0m
    [96mtests/color.test.ts[0m:[93m121[0m:[93m9[0m 
- [91merror[0m[90m TS2451: [0mCannot redeclare 
block-scoped variable 'color'.

    [7m121[0m     let color = new Color('rgb(0%, 100%, 
0%)');
    [7m   [0m [91m        ~~~~~[0m
    [96mtests/color.test.ts[0m:[93m119[0m:[93m9[0m 
- [91merror[0m[90m TS2451: [0mCannot redeclare 
block-scoped variable 'color'.

    [7m119[0m     let color = new Color('rgb(100%, 0%, 
0%)');
    [7m   [0m [91m        ~~~~~[0m
    [96mtests/color.test.ts[0m:[93m123[0m:[93m9[0m 
- [91merror[0m[90m TS2451: [0mCannot redeclare 
block-scoped variable 'color'.

    [7m123[0m     let color = new Color('rgb(0%, 0%, 
100%)');
    [7m   [0m [91m        ~~~~~[0m
    [96mtests/color.test.ts[0m:[93m119[0m:[93m9[0m 
- [91merror[0m[90m TS2451: [0mCannot redeclare 
block-scoped variable 'color'.

    [7m119[0m     let color = new Color('rgb(100%, 0%, 
0%)');
    [7m   [0m [91m        ~~~~~[0m
    [96mtests/color.test.ts[0m:[93m125[0m:[93m9[0m 
- [91merror[0m[90m TS2451: [0mCannot redeclare 
block-scoped variable 'color'.

    [7m125[0m     let color = new Color('rgb(100%, 
100%, 100%)');
    [7m   [0m [91m        ~~~~~[0m
    [96mtests/color.test.ts[0m:[93m119[0m:[93m9[0m 
- [91merror[0m[90m TS2451: [0mCannot redeclare 
block-scoped variable 'color'.

    [7m119[0m     let color = new Color('rgb(100%, 0%, 
0%)');
    [7m   [0m [91m        ~~~~~[0m
    [96mtests/color.test.ts[0m:[93m127[0m:[93m9[0m 
- [91merror[0m[90m TS2451: [0mCannot redeclare 
block-scoped variable 'color'.

    [7m127[0m     let color = new 
Color('rgb(100%,100%,100%)');
    [7m   [0m [91m        ~~~~~[0m
    [96mtests/color.test.ts[0m:[93m119[0m:[93m9[0m 
- [91merror[0m[90m TS2451: [0mCannot redeclare 
block-scoped variable 'color'.

    [7m119[0m     let color = new Color('rgb(100%, 0%, 
0%)');
    [7m   [0m [91m        ~~~~~[0m
    [96mtests/color.test.ts[0m:[93m129[0m:[93m9[0m 
- [91merror[0m[90m TS2451: [0mCannot redeclare 
block-scoped variable 'color'.

    [7m129[0m     let color = new Color('rgb 100% 100% 
100%');
    [7m   [0m [91m        ~~~~~[0m
    [96mtests/color.test.ts[0m:[93m119[0m:[93m9[0m 
- [91merror[0m[90m TS2451: [0mCannot redeclare 
block-scoped variable 'color'.

    [7m119[0m     let color = new Color('rgb(100%, 0%, 
0%)');
    [7m   [0m [91m        ~~~~~[0m
    [96mtests/color.test.ts[0m:[93m131[0m:[93m9[0m 
- [91merror[0m[90m TS2451: [0mCannot redeclare 
block-scoped variable 'color'.

    [7m131[0m     let color = new Color('rgba(100%, 
100%, 100%, 100%)');
    [7m   [0m [91m        ~~~~~[0m
    [96mtests/color.test.ts[0m:[93m119[0m:[93m9[0m 
- [91merror[0m[90m TS2451: [0mCannot redeclare 
block-scoped variable 'color'.

    [7m119[0m     let color = new Color('rgb(100%, 0%, 
0%)');
    [7m   [0m [91m        ~~~~~[0m
    [96mtests/color.test.ts[0m:[93m133[0m:[93m9[0m 
- [91merror[0m[90m TS2451: [0mCannot redeclare 
block-scoped variable 'color'.

    [7m133[0m     let color = new 
Color('rgba(100%,100%,100%,100%)');
    [7m   [0m [91m        ~~~~~[0m
    [96mtests/color.test.ts[0m:[93m119[0m:[93m9[0m 
- [91merror[0m[90m TS2451: [0mCannot redeclare 
block-scoped variable 'color'.

    [7m119[0m     let color = new Color('rgb(100%, 0%, 
0%)');
    [7m   [0m [91m        ~~~~~[0m
    [96mtests/color.test.ts[0m:[93m135[0m:[93m9[0m 
- [91merror[0m[90m TS2451: [0mCannot redeclare 
block-scoped variable 'color'.

    [7m135[0m     let color = new Color('rgba 100% 
100% 100% 100%');
    [7m   [0m [91m        ~~~~~[0m
    [96mtests/color.test.ts[0m:[93m140[0m:[93m9[0m 
- [91merror[0m[90m TS2451: [0mCannot redeclare 
block-scoped variable 'color'.

    [7m140[0m     let color = new Color('rgba(255, 
255, 255, 0)');
    [7m   [0m [91m        ~~~~~[0m
    [96mtests/color.test.ts[0m:[93m142[0m:[93m9[0m 
- [91merror[0m[90m TS2451: [0mCannot redeclare 
block-scoped variable 'color'.

    [7m142[0m     let color = new Color('rgba(255, 
255, 255, 1)');
    [7m   [0m [91m        ~~~~~[0m
    [96mtests/color.test.ts[0m:[93m140[0m:[93m9[0m 
- [91merror[0m[90m TS2451: [0mCannot redeclare 
block-scoped variable 'color'.

    [7m140[0m     let color = new Color('rgba(255, 
255, 255, 0)');
    [7m   [0m [91m        ~~~~~[0m
    [96mtests/color.test.ts[0m:[93m144[0m:[93m9[0m 
- [91merror[0m[90m TS2451: [0mCannot redeclare 
block-scoped variable 'color'.

    [7m144[0m     let color = new Color('rgba(255, 
255, 255, .5)');
    [7m   [0m [91m        ~~~~~[0m
    [96mtests/color.test.ts[0m:[93m140[0m:[93m9[0m 
- [91merror[0m[90m TS2451: [0mCannot redeclare 
block-scoped variable 'color'.

    [7m140[0m     let color = new Color('rgba(255, 
255, 255, 0)');
    [7m   [0m [91m        ~~~~~[0m
    [96mtests/color.test.ts[0m:[93m146[0m:[93m9[0m 
- [91merror[0m[90m TS2451: [0mCannot redeclare 
block-scoped variable 'color'.

    [7m146[0m     let color = new Color('rgba(255, 
255, 255, 0.5)');
    [7m   [0m [91m        ~~~~~[0m
    [96mtests/color.test.ts[0m:[93m140[0m:[93m9[0m 
- [91merror[0m[90m TS2451: [0mCannot redeclare 
block-scoped variable 'color'.

    [7m140[0m     let color = new Color('rgba(255, 
255, 255, 0)');
    [7m   [0m [91m        ~~~~~[0m
    [96mtests/color.test.ts[0m:[93m148[0m:[93m9[0m 
- [91merror[0m[90m TS2451: [0mCannot redeclare 
block-scoped variable 'color'.

    [7m148[0m     let color = new Color('rgba(100%, 
100%, 100%, 0%)');
    [7m   [0m [91m        ~~~~~[0m
    [96mtests/color.test.ts[0m:[93m140[0m:[93m9[0m 
- [91merror[0m[90m TS2451: [0mCannot redeclare 
block-scoped variable 'color'.

    [7m140[0m     let color = new Color('rgba(255, 
255, 255, 0)');
    [7m   [0m [91m        ~~~~~[0m
    [96mtests/color.test.ts[0m:[93m150[0m:[93m9[0m 
- [91merror[0m[90m TS2451: [0mCannot redeclare 
block-scoped variable 'color'.

    [7m150[0m     let color = new Color('rgba(100%, 
100%, 100%, 100%)');
    [7m   [0m [91m        ~~~~~[0m
    [96mtests/color.test.ts[0m:[93m140[0m:[93m9[0m 
- [91merror[0m[90m TS2451: [0mCannot redeclare 
block-scoped variable 'color'.

    [7m140[0m     let color = new Color('rgba(255, 
255, 255, 0)');
    [7m   [0m [91m        ~~~~~[0m
    [96mtests/color.test.ts[0m:[93m152[0m:[93m9[0m 
- [91merror[0m[90m TS2451: [0mCannot redeclare 
block-scoped variable 'color'.

    [7m152[0m     let color = new Color('rgba(100%, 
100%, 100%, 50%)');
    [7m   [0m [91m        ~~~~~[0m
    [96mtests/color.test.ts[0m:[93m140[0m:[93m9[0m 
- [91merror[0m[90m TS2451: [0mCannot redeclare 
block-scoped variable 'color'.

    [7m140[0m     let color = new Color('rgba(255, 
255, 255, 0)');
    [7m   [0m [91m        ~~~~~[0m
    [96mtests/color.test.ts[0m:[93m154[0m:[93m9[0m 
- [91merror[0m[90m TS2451: [0mCannot redeclare 
block-scoped variable 'color'.

    [7m154[0m     let color = new Color('rgba(100%, 
100%, 100%, 50.0%)');
    [7m   [0m [91m        ~~~~~[0m
    [96mtests/color.test.ts[0m:[93m159[0m:[93m9[0m 
- [91merror[0m[90m TS2451: [0mCannot redeclare 
block-scoped variable 'color'.

    [7m159[0m     let color = new Color('hsl(360, 0%, 
100%)');
    [7m   [0m [91m        ~~~~~[0m
    [96mtests/color.test.ts[0m:[93m161[0m:[93m9[0m 
- [91merror[0m[90m TS2451: [0mCannot redeclare 
block-scoped variable 'color'.

    [7m161[0m     let color = new 
Color('hsl(360,100%,100%)');
    [7m   [0m [91m        ~~~~~[0m
    [96mtests/color.test.ts[0m:[93m159[0m:[93m9[0m 
- [91merror[0m[90m TS2451: [0mCannot redeclare 
block-scoped variable 'color'.

    [7m159[0m     let color = new Color('hsl(360, 0%, 
100%)');
    [7m   [0m [91m        ~~~~~[0m
    [96mtests/color.test.ts[0m:[93m163[0m:[93m9[0m 
- [91merror[0m[90m TS2451: [0mCannot redeclare 
block-scoped variable 'color'.

    [7m163[0m     let color = new Color('hsl 360 100% 
100%');
    [7m   [0m [91m        ~~~~~[0m
    [96mtests/color.test.ts[0m:[93m159[0m:[93m9[0m 
- [91merror[0m[90m TS2451: [0mCannot redeclare 
block-scoped variable 'color'.

    [7m159[0m     let color = new Color('hsl(360, 0%, 
100%)');
    [7m   [0m [91m        ~~~~~[0m
    [96mtests/color.test.ts[0m:[93m165[0m:[93m9[0m 
- [91merror[0m[90m TS2451: [0mCannot redeclare 
block-scoped variable 'color'.

    [7m165[0m     let color = new Color('hsla(360, 
100%, 100%, 1)');
    [7m   [0m [91m        ~~~~~[0m
    [96mtests/color.test.ts[0m:[93m159[0m:[93m9[0m 
- [91merror[0m[90m TS2451: [0mCannot redeclare 
block-scoped variable 'color'.

    [7m159[0m     let color = new Color('hsl(360, 0%, 
100%)');
    [7m   [0m [91m        ~~~~~[0m
    [96mtests/color.test.ts[0m:[93m167[0m:[93m9[0m 
- [91merror[0m[90m TS2451: [0mCannot redeclare 
block-scoped variable 'color'.

    [7m167[0m     let color = new 
Color('hsla(360,100%,100%,1)');
    [7m   [0m [91m        ~~~~~[0m
    [96mtests/color.test.ts[0m:[93m159[0m:[93m9[0m 
- [91merror[0m[90m TS2451: [0mCannot redeclare 
block-scoped variable 'color'.

    [7m159[0m     let color = new Color('hsl(360, 0%, 
100%)');
    [7m   [0m [91m        ~~~~~[0m
    [96mtests/color.test.ts[0m:[93m169[0m:[93m9[0m 
- [91merror[0m[90m TS2451: [0mCannot redeclare 
block-scoped variable 'color'.

    [7m169[0m     let color = new Color('hsla 360 100% 
100% 1');
    [7m   [0m [91m        ~~~~~[0m
    [96mtests/color.test.ts[0m:[93m174[0m:[93m9[0m 
- [91merror[0m[90m TS2451: [0mCannot redeclare 
block-scoped variable 'color'.

    [7m174[0m     let color = new Color('hsla(360, 
100%, 100%, 0)');
    [7m   [0m [91m        ~~~~~[0m
    [96mtests/color.test.ts[0m:[93m176[0m:[93m9[0m 
- [91merror[0m[90m TS2451: [0mCannot redeclare 
block-scoped variable 'color'.

    [7m176[0m     let color = new Color('hsla(360, 
100%, 100%, 1)');
    [7m   [0m [91m        ~~~~~[0m
    [96mtests/color.test.ts[0m:[93m174[0m:[93m9[0m 
- [91merror[0m[90m TS2451: [0mCannot redeclare 
block-scoped variable 'color'.

    [7m174[0m     let color = new Color('hsla(360, 
100%, 100%, 0)');
    [7m   [0m [91m        ~~~~~[0m
    [96mtests/color.test.ts[0m:[93m178[0m:[93m9[0m 
- [91merror[0m[90m TS2451: [0mCannot redeclare 
block-scoped variable 'color'.

    [7m178[0m     let color = new Color('hsla(360, 
100%, 100%, .5)');
    [7m   [0m [91m        ~~~~~[0m
    [96mtests/color.test.ts[0m:[93m174[0m:[93m9[0m 
- [91merror[0m[90m TS2451: [0mCannot redeclare 
block-scoped variable 'color'.

    [7m174[0m     let color = new Color('hsla(360, 
100%, 100%, 0)');
    [7m   [0m [91m        ~~~~~[0m
    [96mtests/color.test.ts[0m:[93m180[0m:[93m9[0m 
- [91merror[0m[90m TS2451: [0mCannot redeclare 
block-scoped variable 'color'.

    [7m180[0m     let color = new Color('hsla(360, 
100%, 100%, 0.5)');
    [7m   [0m [91m        ~~~~~[0m
    [96mtests/color.test.ts[0m:[93m174[0m:[93m9[0m 
- [91merror[0m[90m TS2451: [0mCannot redeclare 
block-scoped variable 'color'.

    [7m174[0m     let color = new Color('hsla(360, 
100%, 100%, 0)');
    [7m   [0m [91m        ~~~~~[0m
    [96mtests/color.test.ts[0m:[93m182[0m:[93m9[0m 
- [91merror[0m[90m TS2451: [0mCannot redeclare 
block-scoped variable 'color'.

    [7m182[0m     let color = new Color('hsla(100%, 
100%, 100%, 0%)');
    [7m   [0m [91m        ~~~~~[0m
    [96mtests/color.test.ts[0m:[93m174[0m:[93m9[0m 
- [91merror[0m[90m TS2451: [0mCannot redeclare 
block-scoped variable 'color'.

    [7m174[0m     let color = new Color('hsla(360, 
100%, 100%, 0)');
    [7m   [0m [91m        ~~~~~[0m
    [96mtests/color.test.ts[0m:[93m184[0m:[93m9[0m 
- [91merror[0m[90m TS2451: [0mCannot redeclare 
block-scoped variable 'color'.

    [7m184[0m     let color = new Color('hsla(100%, 
100%, 100%, 100%)');
    [7m   [0m [91m        ~~~~~[0m
    [96mtests/color.test.ts[0m:[93m174[0m:[93m9[0m 
- [91merror[0m[90m TS2451: [0mCannot redeclare 
block-scoped variable 'color'.

    [7m174[0m     let color = new Color('hsla(360, 
100%, 100%, 0)');
    [7m   [0m [91m        ~~~~~[0m
    [96mtests/color.test.ts[0m:[93m186[0m:[93m9[0m 
- [91merror[0m[90m TS2451: [0mCannot redeclare 
block-scoped variable 'color'.

    [7m186[0m     let color = new Color('hsla(100%, 
100%, 100%, 50%)');
    [7m   [0m [91m        ~~~~~[0m
    [96mtests/color.test.ts[0m:[93m174[0m:[93m9[0m 
- [91merror[0m[90m TS2451: [0mCannot redeclare 
block-scoped variable 'color'.

    [7m174[0m     let color = new Color('hsla(360, 
100%, 100%, 0)');
    [7m   [0m [91m        ~~~~~[0m
    [96mtests/color.test.ts[0m:[93m188[0m:[93m9[0m 
- [91merror[0m[90m TS2451: [0mCannot redeclare 
block-scoped variable 'color'.

    [7m188[0m     let color = new Color('hsla(100%, 
100%, 100%, 50.0%)');
    [7m   [0m [91m        ~~~~~[0m
    [96mtests/color.test.ts[0m:[93m193[0m:[93m9[0m 
- [91merror[0m[90m TS2451: [0mCannot redeclare 
block-scoped variable 'color'.

    [7m193[0m     let color = new Color('#f00');
    [7m   [0m [91m        ~~~~~[0m
    [96mtests/color.test.ts[0m:[93m195[0m:[93m9[0m 
- [91merror[0m[90m TS2451: [0mCannot redeclare 
block-scoped variable 'color'.

    [7m195[0m     let color = new Color('#0f0');
    [7m   [0m [91m        ~~~~~[0m
    [96mtests/color.test.ts[0m:[93m193[0m:[93m9[0m 
- [91merror[0m[90m TS2451: [0mCannot redeclare 
block-scoped variable 'color'.

    [7m193[0m     let color = new Color('#f00');
    [7m   [0m [91m        ~~~~~[0m
    [96mtests/color.test.ts[0m:[93m197[0m:[93m9[0m 
- [91merror[0m[90m TS2451: [0mCannot redeclare 
block-scoped variable 'color'.

    [7m197[0m     let color = new Color('#00f');
    [7m   [0m [91m        ~~~~~[0m
    [96mtests/color.test.ts[0m:[93m193[0m:[93m9[0m 
- [91merror[0m[90m TS2451: [0mCannot redeclare 
block-scoped variable 'color'.

    [7m193[0m     let color = new Color('#f00');
    [7m   [0m [91m        ~~~~~[0m
    [96mtests/color.test.ts[0m:[93m199[0m:[93m9[0m 
- [91merror[0m[90m TS2451: [0mCannot redeclare 
block-scoped variable 'color'.

    [7m199[0m     let color = new Color('#fff');
    [7m   [0m [91m        ~~~~~[0m
    [96mtests/color.test.ts[0m:[93m193[0m:[93m9[0m 
- [91merror[0m[90m TS2451: [0mCannot redeclare 
block-scoped variable 'color'.

    [7m193[0m     let color = new Color('#f00');
    [7m   [0m [91m        ~~~~~[0m
    [96mtests/color.test.ts[0m:[93m201[0m:[93m9[0m 
- [91merror[0m[90m TS2451: [0mCannot redeclare 
block-scoped variable 'color'.

    [7m201[0m     let color = new Color('#FFF');
    [7m   [0m [91m        ~~~~~[0m
    [96mtests/color.test.ts[0m:[93m193[0m:[93m9[0m 
- [91merror[0m[90m TS2451: [0mCannot redeclare 
block-scoped variable 'color'.

    [7m193[0m     let color = new Color('#f00');
    [7m   [0m [91m        ~~~~~[0m
    [96mtests/color.test.ts[0m:[93m203[0m:[93m9[0m 
- [91merror[0m[90m TS2451: [0mCannot redeclare 
block-scoped variable 'color'.

    [7m203[0m     let color = new Color('fff');
    [7m   [0m [91m        ~~~~~[0m
    [96mtests/color.test.ts[0m:[93m193[0m:[93m9[0m 
- [91merror[0m[90m TS2451: [0mCannot redeclare 
block-scoped variable 'color'.

    [7m193[0m     let color = new Color('#f00');
    [7m   [0m [91m        ~~~~~[0m
    [96mtests/color.test.ts[0m:[93m205[0m:[93m9[0m 
- [91merror[0m[90m TS2451: [0mCannot redeclare 
block-scoped variable 'color'.

    [7m205[0m     let color = new Color('0xfff');
    [7m   [0m [91m        ~~~~~[0m
    [96mtests/color.test.ts[0m:[93m193[0m:[93m9[0m 
- [91merror[0m[90m TS2451: [0mCannot redeclare 
block-scoped variable 'color'.

    [7m193[0m     let color = new Color('#f00');
    [7m   [0m [91m        ~~~~~[0m
    [96mtests/color.test.ts[0m:[93m207[0m:[93m9[0m 
- [91merror[0m[90m TS2451: [0mCannot redeclare 
block-scoped variable 'color'.

    [7m207[0m     let color = new Color('0xFFF');
    [7m   [0m [91m        ~~~~~[0m
    [96mtests/color.test.ts[0m:[93m212[0m:[93m9[0m 
- [91merror[0m[90m TS2451: [0mCannot redeclare 
block-scoped variable 'color'.

    [7m212[0m     let color = new Color('#f000');
    [7m   [0m [91m        ~~~~~[0m
    [96mtests/color.test.ts[0m:[93m214[0m:[93m9[0m 
- [91merror[0m[90m TS2451: [0mCannot redeclare 
block-scoped variable 'color'.

    [7m214[0m     let color = new Color('#0f00');
    [7m   [0m [91m        ~~~~~[0m
    [96mtests/color.test.ts[0m:[93m212[0m:[93m9[0m 
- [91merror[0m[90m TS2451: [0mCannot redeclare 
block-scoped variable 'color'.

    [7m212[0m     let color = new Color('#f000');
    [7m   [0m [91m        ~~~~~[0m
    [96mtests/color.test.ts[0m:[93m216[0m:[93m9[0m 
- [91merror[0m[90m TS2451: [0mCannot redeclare 
block-scoped variable 'color'.

    [7m216[0m     let color = new Color('#00f0');
    [7m   [0m [91m        ~~~~~[0m
    [96mtests/color.test.ts[0m:[93m212[0m:[93m9[0m 
- [91merror[0m[90m TS2451: [0mCannot redeclare 
block-scoped variable 'color'.

    [7m212[0m     let color = new Color('#f000');
    [7m   [0m [91m        ~~~~~[0m
    [96mtests/color.test.ts[0m:[93m218[0m:[93m9[0m 
- [91merror[0m[90m TS2451: [0mCannot redeclare 
block-scoped variable 'color'.

    [7m218[0m     let color = new Color('#000f');
    [7m   [0m [91m        ~~~~~[0m
    [96mtests/color.test.ts[0m:[93m212[0m:[93m9[0m 
- [91merror[0m[90m TS2451: [0mCannot redeclare 
block-scoped variable 'color'.

    [7m212[0m     let color = new Color('#f000');
    [7m   [0m [91m        ~~~~~[0m
    [96mtests/color.test.ts[0m:[93m220[0m:[93m9[0m 
- [91merror[0m[90m TS2451: [0mCannot redeclare 
block-scoped variable 'color'.

    [7m220[0m     let color = new Color('#ffff');
    [7m   [0m [91m        ~~~~~[0m
    [96mtests/color.test.ts[0m:[93m212[0m:[93m9[0m 
- [91merror[0m[90m TS2451: [0mCannot redeclare 
block-scoped variable 'color'.

    [7m212[0m     let color = new Color('#f000');
    [7m   [0m [91m        ~~~~~[0m
    [96mtests/color.test.ts[0m:[93m222[0m:[93m9[0m 
- [91merror[0m[90m TS2451: [0mCannot redeclare 
block-scoped variable 'color'.

    [7m222[0m     let color = new Color('#ffff');
    [7m   [0m [91m        ~~~~~[0m
    [96mtests/color.test.ts[0m:[93m212[0m:[93m9[0m 
- [91merror[0m[90m TS2451: [0mCannot redeclare 
block-scoped variable 'color'.

    [7m212[0m     let color = new Color('#f000');
    [7m   [0m [91m        ~~~~~[0m
    [96mtests/color.test.ts[0m:[93m224[0m:[93m9[0m 
- [91merror[0m[90m TS2451: [0mCannot redeclare 
block-scoped variable 'color'.

    [7m224[0m     let color = new Color('#FFFF');
    [7m   [0m [91m        ~~~~~[0m
    [96mtests/color.test.ts[0m:[93m212[0m:[93m9[0m 
- [91merror[0m[90m TS2451: [0mCannot redeclare 
block-scoped variable 'color'.

    [7m212[0m     let color = new Color('#f000');
    [7m   [0m [91m        ~~~~~[0m
    [96mtests/color.test.ts[0m:[93m226[0m:[93m9[0m 
- [91merror[0m[90m TS2451: [0mCannot redeclare 
block-scoped variable 'color'.

    [7m226[0m     let color = new Color('ffff');
    [7m   [0m [91m        ~~~~~[0m
    [96mtests/color.test.ts[0m:[93m212[0m:[93m9[0m 
- [91merror[0m[90m TS2451: [0mCannot redeclare 
block-scoped variable 'color'.

    [7m212[0m     let color = new Color('#f000');
    [7m   [0m [91m        ~~~~~[0m
    [96mtests/color.test.ts[0m:[93m228[0m:[93m9[0m 
- [91merror[0m[90m TS2451: [0mCannot redeclare 
block-scoped variable 'color'.

    [7m228[0m     let color = new Color('0xffff');
    [7m   [0m [91m        ~~~~~[0m
    [96mtests/color.test.ts[0m:[93m212[0m:[93m9[0m 
- [91merror[0m[90m TS2451: [0mCannot redeclare 
block-scoped variable 'color'.

    [7m212[0m     let color = new Color('#f000');
    [7m   [0m [91m        ~~~~~[0m
    [96mtests/color.test.ts[0m:[93m230[0m:[93m9[0m 
- [91merror[0m[90m TS2451: [0mCannot redeclare 
block-scoped variable 'color'.

    [7m230[0m     let color = new Color('0xFFFF');
    [7m   [0m [91m        ~~~~~[0m
    [96mtests/color.test.ts[0m:[93m235[0m:[93m9[0m 
- [91merror[0m[90m TS2451: [0mCannot redeclare 
block-scoped variable 'color'.

    [7m235[0m     let color = new Color('#ff0000');
    [7m   [0m [91m        ~~~~~[0m
    [96mtests/color.test.ts[0m:[93m237[0m:[93m9[0m 
- [91merror[0m[90m TS2451: [0mCannot redeclare 
block-scoped variable 'color'.

    [7m237[0m     let color = new Color('#00ff00');
    [7m   [0m [91m        ~~~~~[0m
    [96mtests/color.test.ts[0m:[93m235[0m:[93m9[0m 
- [91merror[0m[90m TS2451: [0mCannot redeclare 
block-scoped variable 'color'.

    [7m235[0m     let color = new Color('#ff0000');
    [7m   [0m [91m        ~~~~~[0m
    [96mtests/color.test.ts[0m:[93m239[0m:[93m9[0m 
- [91merror[0m[90m TS2451: [0mCannot redeclare 
block-scoped variable 'color'.

    [7m239[0m     let color = new Color('#0000ff');
    [7m   [0m [91m        ~~~~~[0m
    [96mtests/color.test.ts[0m:[93m235[0m:[93m9[0m 
- [91merror[0m[90m TS2451: [0mCannot redeclare 
block-scoped variable 'color'.

    [7m235[0m     let color = new Color('#ff0000');
    [7m   [0m [91m        ~~~~~[0m
    [96mtests/color.test.ts[0m:[93m241[0m:[93m9[0m 
- [91merror[0m[90m TS2451: [0mCannot redeclare 
block-scoped variable 'color'.

    [7m241[0m     let color = new Color('#ffffff');
    [7m   [0m [91m        ~~~~~[0m
    [96mtests/color.test.ts[0m:[93m235[0m:[93m9[0m 
- [91merror[0m[90m TS2451: [0mCannot redeclare 
block-scoped variable 'color'.

    [7m235[0m     let color = new Color('#ff0000');
    [7m   [0m [91m        ~~~~~[0m
    [96mtests/color.test.ts[0m:[93m243[0m:[93m9[0m 
- [91merror[0m[90m TS2451: [0mCannot redeclare 
block-scoped variable 'color'.

    [7m243[0m     let color = new Color('#FFFFFF');
    [7m   [0m [91m        ~~~~~[0m
    [96mtests/color.test.ts[0m:[93m235[0m:[93m9[0m 
- [91merror[0m[90m TS2451: [0mCannot redeclare 
block-scoped variable 'color'.

    [7m235[0m     let color = new Color('#ff0000');
    [7m   [0m [91m        ~~~~~[0m
    [96mtests/color.test.ts[0m:[93m245[0m:[93m9[0m 
- [91merror[0m[90m TS2451: [0mCannot redeclare 
block-scoped variable 'color'.

    [7m245[0m     let color = new Color('ffffff');
    [7m   [0m [91m        ~~~~~[0m
    [96mtests/color.test.ts[0m:[93m235[0m:[93m9[0m 
- [91merror[0m[90m TS2451: [0mCannot redeclare 
block-scoped variable 'color'.

    [7m235[0m     let color = new Color('#ff0000');
    [7m   [0m [91m        ~~~~~[0m
    [96mtests/color.test.ts[0m:[93m247[0m:[93m9[0m 
- [91merror[0m[90m TS2451: [0mCannot redeclare 
block-scoped variable 'color'.

    [7m247[0m     let color = new Color('FFFFFF');
    [7m   [0m [91m        ~~~~~[0m
    [96mtests/color.test.ts[0m:[93m235[0m:[93m9[0m 
- [91merror[0m[90m TS2451: [0mCannot redeclare 
block-scoped variable 'color'.

    [7m235[0m     let color = new Color('#ff0000');
    [7m   [0m [91m        ~~~~~[0m
    [96mtests/color.test.ts[0m:[93m249[0m:[93m9[0m 
- [91merror[0m[90m TS2451: [0mCannot redeclare 
block-scoped variable 'color'.

    [7m249[0m     let color = new Color('0xffffff');
    [7m   [0m [91m        ~~~~~[0m
    [96mtests/color.test.ts[0m:[93m235[0m:[93m9[0m 
- [91merror[0m[90m TS2451: [0mCannot redeclare 
block-scoped variable 'color'.

    [7m235[0m     let color = new Color('#ff0000');
    [7m   [0m [91m        ~~~~~[0m
    [96mtests/color.test.ts[0m:[93m251[0m:[93m9[0m 
- [91merror[0m[90m TS2451: [0mCannot redeclare 
block-scoped variable 'color'.

    [7m251[0m     let color = new Color('0xFFFFFF');
    [7m   [0m [91m        ~~~~~[0m
    [96mtests/color.test.ts[0m:[93m256[0m:[93m9[0m 
- [91merror[0m[90m TS2451: [0mCannot redeclare 
block-scoped variable 'color'.

    [7m256[0m     let color = new Color('#ff000000');
    [7m   [0m [91m        ~~~~~[0m
    [96mtests/color.test.ts[0m:[93m258[0m:[93m9[0m 
- [91merror[0m[90m TS2451: [0mCannot redeclare 
block-scoped variable 'color'.

    [7m258[0m     let color = new Color('#00ff0000');
    [7m   [0m [91m        ~~~~~[0m
    [96mtests/color.test.ts[0m:[93m256[0m:[93m9[0m 
- [91merror[0m[90m TS2451: [0mCannot redeclare 
block-scoped variable 'color'.

    [7m256[0m     let color = new Color('#ff000000');
    [7m   [0m [91m        ~~~~~[0m
    [96mtests/color.test.ts[0m:[93m260[0m:[93m9[0m 
- [91merror[0m[90m TS2451: [0mCannot redeclare 
block-scoped variable 'color'.

    [7m260[0m     let color = new Color('#0000ff00');
    [7m   [0m [91m        ~~~~~[0m
    [96mtests/color.test.ts[0m:[93m256[0m:[93m9[0m 
- [91merror[0m[90m TS2451: [0mCannot redeclare 
block-scoped variable 'color'.

    [7m256[0m     let color = new Color('#ff000000');
    [7m   [0m [91m        ~~~~~[0m
    [96mtests/color.test.ts[0m:[93m262[0m:[93m9[0m 
- [91merror[0m[90m TS2451: [0mCannot redeclare 
block-scoped variable 'color'.

    [7m262[0m     let color = new Color('#000000ff');
    [7m   [0m [91m        ~~~~~[0m
    [96mtests/color.test.ts[0m:[93m256[0m:[93m9[0m 
- [91merror[0m[90m TS2451: [0mCannot redeclare 
block-scoped variable 'color'.

    [7m256[0m     let color = new Color('#ff000000');
    [7m   [0m [91m        ~~~~~[0m
    [96mtests/color.test.ts[0m:[93m264[0m:[93m9[0m 
- [91merror[0m[90m TS2451: [0mCannot redeclare 
block-scoped variable 'color'.

    [7m264[0m     let color = new Color('#ffffffff');
    [7m   [0m [91m        ~~~~~[0m
    [96mtests/color.test.ts[0m:[93m256[0m:[93m9[0m 
- [91merror[0m[90m TS2451: [0mCannot redeclare 
block-scoped variable 'color'.

    [7m256[0m     let color = new Color('#ff000000');
    [7m   [0m [91m        ~~~~~[0m
    [96mtests/color.test.ts[0m:[93m266[0m:[93m9[0m 
- [91merror[0m[90m TS2451: [0mCannot redeclare 
block-scoped variable 'color'.

    [7m266[0m     let color = new Color('#FFFFFFFF');
    [7m   [0m [91m        ~~~~~[0m
    [96mtests/color.test.ts[0m:[93m256[0m:[93m9[0m 
- [91merror[0m[90m TS2451: [0mCannot redeclare 
block-scoped variable 'color'.

    [7m256[0m     let color = new Color('#ff000000');
    [7m   [0m [91m        ~~~~~[0m
    [96mtests/color.test.ts[0m:[93m268[0m:[93m9[0m 
- [91merror[0m[90m TS2451: [0mCannot redeclare 
block-scoped variable 'color'.

    [7m268[0m     let color = new Color('ffffffff');
    [7m   [0m [91m        ~~~~~[0m
    [96mtests/color.test.ts[0m:[93m256[0m:[93m9[0m 
- [91merror[0m[90m TS2451: [0mCannot redeclare 
block-scoped variable 'color'.

    [7m256[0m     let color = new Color('#ff000000');
    [7m   [0m [91m        ~~~~~[0m
    [96mtests/color.test.ts[0m:[93m270[0m:[93m9[0m 
- [91merror[0m[90m TS2451: [0mCannot redeclare 
block-scoped variable 'color'.

    [7m270[0m     let color = new Color('FFFFFFFF');
    [7m   [0m [91m        ~~~~~[0m
    [96mtests/color.test.ts[0m:[93m256[0m:[93m9[0m 
- [91merror[0m[90m TS2451: [0mCannot redeclare 
block-scoped variable 'color'.

    [7m256[0m     let color = new Color('#ff000000');
    [7m   [0m [91m        ~~~~~[0m
    [96mtests/color.test.ts[0m:[93m272[0m:[93m9[0m 
- [91merror[0m[90m TS2451: [0mCannot redeclare 
block-scoped variable 'color'.

    [7m272[0m     let color = new Color('0xffffffff');
    [7m   [0m [91m        ~~~~~[0m
    [96mtests/color.test.ts[0m:[93m256[0m:[93m9[0m 
- [91merror[0m[90m TS2451: [0mCannot redeclare 
block-scoped variable 'color'.

    [7m256[0m     let color = new Color('#ff000000');
    [7m   [0m [91m        ~~~~~[0m
    [96mtests/color.test.ts[0m:[93m274[0m:[93m9[0m 
- [91merror[0m[90m TS2451: [0mCannot redeclare 
block-scoped variable 'color'.

    [7m274[0m     let color = new Color('0xFFFFFFFF');
    [7m   [0m [91m        ~~~~~[0m
    [96mtests/color.test.ts[0m:[93m365[0m:[93m9[0m 
- [91merror[0m[90m TS2451: [0mCannot redeclare 
block-scoped variable 'color'.

    [7m365[0m     let color = new Color({h: 0, s: 0, 
v: 0, a: 0});
    [7m   [0m [91m        ~~~~~[0m
    [96mtests/color.test.ts[0m:[93m369[0m:[93m9[0m 
- [91merror[0m[90m TS2451: [0mCannot redeclare 
block-scoped variable 'color'.

    [7m369[0m     let color = new Color({h: 0, s: 0, 
v: 0, a: 0});
    [7m   [0m [91m        ~~~~~[0m
    [96mtests/color.test.ts[0m:[93m365[0m:[93m9[0m 
- [91merror[0m[90m TS2451: [0mCannot redeclare 
block-scoped variable 'color'.

    [7m365[0m     let color = new Color({h: 0, s: 0, 
v: 0, a: 0});
    [7m   [0m [91m        ~~~~~[0m
    [96mtests/color.test.ts[0m:[93m373[0m:[93m9[0m 
- [91merror[0m[90m TS2451: [0mCannot redeclare 
block-scoped variable 'color'.

    [7m373[0m     let color = new Color({h: 0, s: 0, 
v: 0, a: 0});
    [7m   [0m [91m        ~~~~~[0m
    [96mtests/color.test.ts[0m:[93m379[0m:[93m9[0m 
- [91merror[0m[90m TS2451: [0mCannot redeclare 
block-scoped variable 'color'.

    [7m379[0m     let color = new Color({r: 0, g: 0, 
b: 0});
    [7m   [0m [91m        ~~~~~[0m
    [96mtests/color.test.ts[0m:[93m383[0m:[93m9[0m 
- [91merror[0m[90m TS2451: [0mCannot redeclare 
block-scoped variable 'color'.

    [7m383[0m     let color = new Color({r: 0, g: 0, 
b: 0});
    [7m   [0m [91m        ~~~~~[0m
    [96mtests/color.test.ts[0m:[93m379[0m:[93m9[0m 
- [91merror[0m[90m TS2451: [0mCannot redeclare 
block-scoped variable 'color'.

    [7m379[0m     let color = new Color({r: 0, g: 0, 
b: 0});
    [7m   [0m [91m        ~~~~~[0m
    [96mtests/color.test.ts[0m:[93m387[0m:[93m9[0m 
- [91merror[0m[90m TS2451: [0mCannot redeclare 
block-scoped variable 'color'.

    [7m387[0m     let color = new Color({r: 0, g: 0, 
b: 0});
    [7m   [0m [91m        ~~~~~[0m

Test Suites: 3 failed, 3 total
Tests:       8 failed, 3 passed, 11 total
Snapshots:   0 total
Time:        5.956s
Ran all test suites.
